mode: set
github.com/charlienet/gadget/cache/cache.go:80.33,84.25 3 1
github.com/charlienet/gadget/cache/cache.go:84.25,86.3 1 1
github.com/charlienet/gadget/cache/cache.go:88.2,95.61 5 1
github.com/charlienet/gadget/cache/cache.go:95.61,96.39 1 1
github.com/charlienet/gadget/cache/cache.go:96.39,99.31 2 1
github.com/charlienet/gadget/cache/cache.go:99.31,101.5 1 1
github.com/charlienet/gadget/cache/cache.go:102.4,102.24 1 1
github.com/charlienet/gadget/cache/cache.go:102.24,104.5 1 1
github.com/charlienet/gadget/cache/cache.go:105.4,105.24 1 1
github.com/charlienet/gadget/cache/cache.go:105.24,107.5 1 1
github.com/charlienet/gadget/cache/cache.go:108.4,108.25 1 1
github.com/charlienet/gadget/cache/cache.go:108.25,110.5 1 0
github.com/charlienet/gadget/cache/cache.go:111.4,111.29 1 1
github.com/charlienet/gadget/cache/cache.go:111.29,113.5 1 0
github.com/charlienet/gadget/cache/cache.go:115.4,115.22 1 1
github.com/charlienet/gadget/cache/cache.go:119.2,119.17 1 1
github.com/charlienet/gadget/cache/cache.go:119.17,121.3 1 1
github.com/charlienet/gadget/cache/cache.go:123.2,123.24 1 1
github.com/charlienet/gadget/cache/cache.go:123.24,125.3 1 1
github.com/charlienet/gadget/cache/cache.go:127.2,127.30 1 1
github.com/charlienet/gadget/cache/cache.go:127.30,129.3 1 1
github.com/charlienet/gadget/cache/cache.go:130.2,130.29 1 1
github.com/charlienet/gadget/cache/cache.go:130.29,132.3 1 1
github.com/charlienet/gadget/cache/cache.go:133.2,133.52 1 1
github.com/charlienet/gadget/cache/cache.go:133.52,136.3 2 1
github.com/charlienet/gadget/cache/cache.go:138.2,138.25 1 1
github.com/charlienet/gadget/cache/cache.go:138.25,140.3 1 0
github.com/charlienet/gadget/cache/cache.go:142.2,142.57 1 1
github.com/charlienet/gadget/cache/cache.go:142.57,147.3 4 1
github.com/charlienet/gadget/cache/cache.go:149.2,153.10 3 1
github.com/charlienet/gadget/cache/cache.go:162.87,163.20 1 1
github.com/charlienet/gadget/cache/cache.go:163.20,165.3 1 1
github.com/charlienet/gadget/cache/cache.go:167.2,169.27 2 1
github.com/charlienet/gadget/cache/cache.go:169.27,173.17 2 1
github.com/charlienet/gadget/cache/cache.go:173.17,175.4 1 0
github.com/charlienet/gadget/cache/cache.go:176.3,176.38 1 1
github.com/charlienet/gadget/cache/cache.go:176.38,178.51 2 1
github.com/charlienet/gadget/cache/cache.go:178.51,181.5 1 1
github.com/charlienet/gadget/cache/cache.go:182.4,182.19 1 1
github.com/charlienet/gadget/cache/cache.go:186.2,186.20 1 1
github.com/charlienet/gadget/cache/cache.go:191.94,192.21 1 1
github.com/charlienet/gadget/cache/cache.go:192.21,194.3 1 1
github.com/charlienet/gadget/cache/cache.go:197.2,197.57 1 1
github.com/charlienet/gadget/cache/cache.go:197.57,198.15 1 1
github.com/charlienet/gadget/cache/cache.go:198.15,199.12 1 1
github.com/charlienet/gadget/cache/cache.go:201.3,201.36 1 1
github.com/charlienet/gadget/cache/cache.go:201.36,203.32 2 1
github.com/charlienet/gadget/cache/cache.go:203.32,205.19 2 1
github.com/charlienet/gadget/cache/cache.go:205.19,207.6 1 0
github.com/charlienet/gadget/cache/cache.go:208.5,208.24 1 1
github.com/charlienet/gadget/cache/cache.go:210.4,210.69 1 1
github.com/charlienet/gadget/cache/cache.go:210.69,212.5 1 0
github.com/charlienet/gadget/cache/cache.go:213.9,214.32 1 0
github.com/charlienet/gadget/cache/cache.go:214.32,216.19 2 0
github.com/charlienet/gadget/cache/cache.go:216.19,218.6 1 0
github.com/charlienet/gadget/cache/cache.go:219.5,219.74 1 0
github.com/charlienet/gadget/cache/cache.go:219.74,221.6 1 0
github.com/charlienet/gadget/cache/cache.go:226.2,226.12 1 1
github.com/charlienet/gadget/cache/cache.go:232.68,233.57 1 1
github.com/charlienet/gadget/cache/cache.go:233.57,234.15 1 1
github.com/charlienet/gadget/cache/cache.go:234.15,235.38 1 1
github.com/charlienet/gadget/cache/cache.go:235.38,237.5 1 1
github.com/charlienet/gadget/cache/cache.go:243.88,245.16 2 1
github.com/charlienet/gadget/cache/cache.go:245.16,247.3 1 1
github.com/charlienet/gadget/cache/cache.go:249.2,249.27 1 1
github.com/charlienet/gadget/cache/cache.go:249.27,250.56 1 1
github.com/charlienet/gadget/cache/cache.go:250.56,252.4 1 0
github.com/charlienet/gadget/cache/cache.go:255.2,255.12 1 1
github.com/charlienet/gadget/cache/cache.go:258.67,260.16 2 1
github.com/charlienet/gadget/cache/cache.go:260.16,262.3 1 0
github.com/charlienet/gadget/cache/cache.go:264.2,264.34 1 1
github.com/charlienet/gadget/cache/cache.go:267.99,270.16 2 1
github.com/charlienet/gadget/cache/cache.go:270.16,272.3 1 0
github.com/charlienet/gadget/cache/cache.go:275.2,275.12 1 1
github.com/charlienet/gadget/cache/cache.go:275.12,278.3 1 1
github.com/charlienet/gadget/cache/cache.go:280.2,280.34 1 1
github.com/charlienet/gadget/cache/cache.go:283.85,285.16 2 1
github.com/charlienet/gadget/cache/cache.go:285.16,287.3 1 0
github.com/charlienet/gadget/cache/cache.go:289.2,289.65 1 1
github.com/charlienet/gadget/cache/cache.go:289.65,291.3 1 1
github.com/charlienet/gadget/cache/cache.go:293.2,293.12 1 1
github.com/charlienet/gadget/cache/cache.go:296.82,300.58 3 1
github.com/charlienet/gadget/cache/cache.go:300.58,302.17 2 1
github.com/charlienet/gadget/cache/cache.go:302.17,304.4 1 1
github.com/charlienet/gadget/cache/cache.go:306.3,308.18 2 1
github.com/charlienet/gadget/cache/cache.go:311.2,311.12 1 1
github.com/charlienet/gadget/cache/cache.go:314.61,320.27 4 1
github.com/charlienet/gadget/cache/cache.go:320.27,322.3 1 1
github.com/charlienet/gadget/cache/cache.go:324.2,324.26 1 1
github.com/charlienet/gadget/cache/cache.go:327.47,328.40 1 1
github.com/charlienet/gadget/cache/cache.go:328.40,329.28 1 1
github.com/charlienet/gadget/cache/cache.go:329.28,331.4 1 1
github.com/charlienet/gadget/cache/cache.go:335.32,337.2 1 1
github.com/charlienet/gadget/cache/cache.go:339.25,342.31 2 1
github.com/charlienet/gadget/cache/cache.go:342.31,344.3 1 1
github.com/charlienet/gadget/cache/cache.go:345.2,345.26 1 1
github.com/charlienet/gadget/cache/cache.go:345.26,347.3 1 1
github.com/charlienet/gadget/cache/cache.go:349.2,349.25 1 1
github.com/charlienet/gadget/cache/cache.go:349.25,350.60 1 1
github.com/charlienet/gadget/cache/cache.go:350.60,352.4 1 1
github.com/charlienet/gadget/cache/cache.go:354.2,354.26 1 1
github.com/charlienet/gadget/cache/cache.go:354.26,355.61 1 1
github.com/charlienet/gadget/cache/cache.go:355.61,357.4 1 0
github.com/charlienet/gadget/cache/cache.go:364.47,365.24 1 1
github.com/charlienet/gadget/cache/cache.go:365.24,367.3 1 1
github.com/charlienet/gadget/cache/cache.go:369.2,372.33 4 1
github.com/charlienet/gadget/cache/cache.go:372.33,375.3 2 1
github.com/charlienet/gadget/cache/cache.go:376.2,376.14 1 1
github.com/charlienet/gadget/cache/cache.go:380.46,381.23 1 1
github.com/charlienet/gadget/cache/cache.go:381.23,383.3 1 1
github.com/charlienet/gadget/cache/cache.go:391.35,395.6 3 1
github.com/charlienet/gadget/cache/cache.go:395.6,396.10 1 1
github.com/charlienet/gadget/cache/cache.go:397.19,398.17 1 1
github.com/charlienet/gadget/cache/cache.go:399.24,400.10 1 1
github.com/charlienet/gadget/cache/cache.go:401.21,402.10 1 1
github.com/charlienet/gadget/cache/cache.go:407.29,408.20 1 1
github.com/charlienet/gadget/cache/cache.go:408.20,410.3 1 1
github.com/charlienet/gadget/cache/cache.go:412.2,413.33 2 1
github.com/charlienet/gadget/cache/cache.go:413.33,415.3 1 1
github.com/charlienet/gadget/cache/cache.go:417.2,418.16 2 1
github.com/charlienet/gadget/cache/cache.go:418.16,421.3 2 1
github.com/charlienet/gadget/cache/cache.go:424.2,424.30 1 1
github.com/charlienet/gadget/cache/cache.go:424.30,426.3 1 1
github.com/charlienet/gadget/cache/cache.go:428.2,432.28 4 1
github.com/charlienet/gadget/cache/cache.go:432.28,434.17 2 1
github.com/charlienet/gadget/cache/cache.go:434.17,435.12 1 0
github.com/charlienet/gadget/cache/cache.go:438.3,443.33 4 1
github.com/charlienet/gadget/cache/cache.go:443.33,448.4 3 1
github.com/charlienet/gadget/cache/cache.go:448.9,448.50 1 1
github.com/charlienet/gadget/cache/cache.go:448.50,452.4 2 1
github.com/charlienet/gadget/cache/cache.go:457.35,459.2 1 1
github.com/charlienet/gadget/cache/cache.go:463.37,465.85 2 1
github.com/charlienet/gadget/cache/cache.go:465.85,469.3 3 1
github.com/charlienet/gadget/cache/cache.go:473.39,475.20 2 1
github.com/charlienet/gadget/cache/cache.go:475.20,479.3 3 1
github.com/charlienet/gadget/cache/cache.go:486.30,490.6 3 1
github.com/charlienet/gadget/cache/cache.go:490.6,491.10 1 1
github.com/charlienet/gadget/cache/cache.go:492.19,497.18 4 1
github.com/charlienet/gadget/cache/cache.go:497.18,499.24 1 1
github.com/charlienet/gadget/cache/cache.go:499.24,503.6 3 1
github.com/charlienet/gadget/cache/cache.go:504.10,506.23 1 1
github.com/charlienet/gadget/cache/cache.go:506.23,510.6 3 0
github.com/charlienet/gadget/cache/cache.go:512.29,513.10 1 1
github.com/charlienet/gadget/cache/cache.go:514.21,515.10 1 1
github.com/charlienet/gadget/cache/cache.go:525.85,529.65 3 1
github.com/charlienet/gadget/cache/cache.go:529.65,531.17 2 1
github.com/charlienet/gadget/cache/cache.go:531.17,533.4 1 0
github.com/charlienet/gadget/cache/cache.go:537.3,537.36 1 1
github.com/charlienet/gadget/cache/cache.go:537.36,539.4 1 1
github.com/charlienet/gadget/cache/cache.go:541.3,545.12 3 1
github.com/charlienet/gadget/cache/cache.go:545.12,548.4 1 1
github.com/charlienet/gadget/cache/cache.go:548.9,548.27 1 1
github.com/charlienet/gadget/cache/cache.go:548.27,553.4 3 0
github.com/charlienet/gadget/cache/cache.go:555.3,555.51 1 1
github.com/charlienet/gadget/cache/cache.go:558.2,558.12 1 1
github.com/charlienet/gadget/cache/cache.go:558.12,560.3 1 1
github.com/charlienet/gadget/cache/cache.go:562.2,562.34 1 1
github.com/charlienet/gadget/cache/cache.go:562.34,564.3 1 1
github.com/charlienet/gadget/cache/cache.go:566.2,566.29 1 0
github.com/charlienet/gadget/cache/cache.go:569.111,573.66 3 1
github.com/charlienet/gadget/cache/cache.go:573.66,577.17 3 1
github.com/charlienet/gadget/cache/cache.go:577.17,580.4 2 1
github.com/charlienet/gadget/cache/cache.go:582.3,583.13 2 1
github.com/charlienet/gadget/cache/cache.go:583.13,585.4 1 1
github.com/charlienet/gadget/cache/cache.go:585.9,587.4 1 1
github.com/charlienet/gadget/cache/cache.go:590.3,591.51 2 1
github.com/charlienet/gadget/cache/cache.go:594.2,594.12 1 1
github.com/charlienet/gadget/cache/cache.go:594.12,596.3 1 1
github.com/charlienet/gadget/cache/cache.go:598.2,598.16 1 1
github.com/charlienet/gadget/cache/cache.go:598.16,600.3 1 1
github.com/charlienet/gadget/cache/cache.go:603.2,604.47 2 1
github.com/charlienet/gadget/cache/cache.go:607.93,608.78 1 1
github.com/charlienet/gadget/cache/cache.go:608.78,610.3 1 0
github.com/charlienet/gadget/cache/cache.go:612.2,612.79 1 1
github.com/charlienet/gadget/cache/cache.go:612.79,614.3 1 1
github.com/charlienet/gadget/cache/cache.go:616.2,616.12 1 1
github.com/charlienet/gadget/cache/cache.go:619.94,620.14 1 1
github.com/charlienet/gadget/cache/cache.go:620.14,622.3 1 1
github.com/charlienet/gadget/cache/cache.go:625.2,625.36 1 1
github.com/charlienet/gadget/cache/cache.go:625.36,628.3 2 1
github.com/charlienet/gadget/cache/cache.go:630.2,631.11 2 1
github.com/charlienet/gadget/cache/cache.go:631.11,635.3 2 1
github.com/charlienet/gadget/cache/cache.go:635.8,637.3 1 1
github.com/charlienet/gadget/cache/cache.go:639.2,639.32 1 1
github.com/charlienet/gadget/cache/cache.go:639.32,641.3 1 1
github.com/charlienet/gadget/cache/cache.go:641.8,641.39 1 1
github.com/charlienet/gadget/cache/cache.go:641.39,643.3 1 1
github.com/charlienet/gadget/cache/cache.go:645.2,646.25 2 1
github.com/charlienet/gadget/cache/cache.go:649.81,650.14 1 1
github.com/charlienet/gadget/cache/cache.go:650.14,652.3 1 1
github.com/charlienet/gadget/cache/cache.go:655.2,655.36 1 1
github.com/charlienet/gadget/cache/cache.go:655.36,657.3 1 1
github.com/charlienet/gadget/cache/cache.go:659.2,659.24 1 1
github.com/charlienet/gadget/cache/cache.go:662.104,663.14 1 1
github.com/charlienet/gadget/cache/cache.go:663.14,665.3 1 1
github.com/charlienet/gadget/cache/cache.go:668.2,668.36 1 1
github.com/charlienet/gadget/cache/cache.go:668.36,670.3 1 0
github.com/charlienet/gadget/cache/cache.go:672.2,675.54 2 1
github.com/charlienet/gadget/cache/cache.go:678.32,679.23 1 1
github.com/charlienet/gadget/cache/cache.go:679.23,681.7 2 1
github.com/charlienet/gadget/cache/cache.go:681.7,682.11 1 1
github.com/charlienet/gadget/cache/cache.go:683.21,684.65 1 1
github.com/charlienet/gadget/cache/cache.go:685.22,688.11 3 1
github.com/charlienet/gadget/cache/cache.go:694.63,695.37 1 1
github.com/charlienet/gadget/cache/cache.go:695.37,696.57 1 1
github.com/charlienet/gadget/cache/cache.go:696.57,698.4 1 0
github.com/charlienet/gadget/cache/cache.go:700.3,700.13 1 1
github.com/charlienet/gadget/cache/cache.go:703.2,703.26 1 1
github.com/charlienet/gadget/cache/cache.go:706.49,708.2 1 1
github.com/charlienet/gadget/cache/cache.go:715.38,721.2 5 1
github.com/charlienet/gadget/cache/cache.go:725.35,726.62 1 1
github.com/charlienet/gadget/cache/cache.go:726.62,728.3 1 1
github.com/charlienet/gadget/cache/cache.go:729.2,729.65 1 1
github.com/charlienet/gadget/cache/cache.go:734.36,735.62 1 1
github.com/charlienet/gadget/cache/cache.go:735.62,737.3 1 1
github.com/charlienet/gadget/cache/cache.go:738.2,738.32 1 1
github.com/charlienet/gadget/cache/cache.go:741.35,754.2 1 1
github.com/charlienet/gadget/cache/memory_store.go:27.31,35.2 2 1
github.com/charlienet/gadget/cache/memory_store.go:37.37,39.2 1 1
github.com/charlienet/gadget/cache/memory_store.go:41.80,46.12 4 1
github.com/charlienet/gadget/cache/memory_store.go:46.12,48.3 1 1
github.com/charlienet/gadget/cache/memory_store.go:50.2,50.17 1 1
github.com/charlienet/gadget/cache/memory_store.go:50.17,52.49 2 1
github.com/charlienet/gadget/cache/memory_store.go:52.49,56.4 3 1
github.com/charlienet/gadget/cache/memory_store.go:57.3,58.25 2 1
github.com/charlienet/gadget/cache/memory_store.go:62.2,62.46 1 1
github.com/charlienet/gadget/cache/memory_store.go:62.46,64.41 2 0
github.com/charlienet/gadget/cache/memory_store.go:64.41,66.55 2 0
github.com/charlienet/gadget/cache/memory_store.go:66.55,69.5 2 0
github.com/charlienet/gadget/cache/memory_store.go:70.4,70.14 1 0
github.com/charlienet/gadget/cache/memory_store.go:74.2,74.27 1 1
github.com/charlienet/gadget/cache/memory_store.go:77.92,81.22 3 1
github.com/charlienet/gadget/cache/memory_store.go:81.22,85.22 2 1
github.com/charlienet/gadget/cache/memory_store.go:85.22,88.4 2 0
github.com/charlienet/gadget/cache/memory_store.go:91.2,95.33 3 1
github.com/charlienet/gadget/cache/memory_store.go:95.33,98.3 2 1
github.com/charlienet/gadget/cache/memory_store.go:100.2,111.12 5 1
github.com/charlienet/gadget/cache/memory_store.go:114.78,118.28 3 1
github.com/charlienet/gadget/cache/memory_store.go:118.28,120.17 2 1
github.com/charlienet/gadget/cache/memory_store.go:120.17,121.12 1 1
github.com/charlienet/gadget/cache/memory_store.go:123.3,123.14 1 1
github.com/charlienet/gadget/cache/memory_store.go:123.14,127.4 3 1
github.com/charlienet/gadget/cache/memory_store.go:129.2,129.12 1 1
github.com/charlienet/gadget/cache/memory_store.go:132.70,136.24 3 1
github.com/charlienet/gadget/cache/memory_store.go:136.24,137.33 1 1
github.com/charlienet/gadget/cache/memory_store.go:137.33,141.4 3 1
github.com/charlienet/gadget/cache/memory_store.go:144.2,144.12 1 1
github.com/charlienet/gadget/cache/memory_store.go:147.49,148.34 1 1
github.com/charlienet/gadget/cache/memory_store.go:148.34,149.15 1 1
github.com/charlienet/gadget/cache/memory_store.go:149.15,152.4 2 1
github.com/charlienet/gadget/cache/memory_store.go:156.37,160.28 2 1
github.com/charlienet/gadget/cache/memory_store.go:160.28,161.45 1 1
github.com/charlienet/gadget/cache/memory_store.go:161.45,165.4 3 0
github.com/charlienet/gadget/cache/memory_store.go:169.2,170.48 1 1
github.com/charlienet/gadget/cache/memory_store.go:170.48,171.30 1 1
github.com/charlienet/gadget/cache/memory_store.go:171.30,172.9 1 0
github.com/charlienet/gadget/cache/memory_store.go:174.3,176.38 3 1
github.com/charlienet/gadget/cache/memory_store.go:176.38,179.4 2 1
github.com/charlienet/gadget/cache/memory_store.go:180.3,180.28 1 1
github.com/charlienet/gadget/cache/memory_store.go:184.94,191.27 5 0
github.com/charlienet/gadget/cache/memory_store.go:191.27,192.35 1 0
github.com/charlienet/gadget/cache/memory_store.go:192.35,193.54 1 0
github.com/charlienet/gadget/cache/memory_store.go:193.54,195.5 1 0
github.com/charlienet/gadget/cache/memory_store.go:199.2,199.20 1 0
github.com/charlienet/gadget/cache/memory_store.go:202.100,206.22 3 1
github.com/charlienet/gadget/cache/memory_store.go:206.22,208.3 1 1
github.com/charlienet/gadget/cache/memory_store.go:210.2,213.30 3 1
github.com/charlienet/gadget/cache/memory_store.go:213.30,214.34 1 1
github.com/charlienet/gadget/cache/memory_store.go:214.34,217.4 2 0
github.com/charlienet/gadget/cache/memory_store.go:219.3,225.45 3 1
github.com/charlienet/gadget/cache/memory_store.go:228.2,230.12 2 1
github.com/charlienet/gadget/cache/memory_store.go:235.56,239.34 3 1
github.com/charlienet/gadget/cache/memory_store.go:239.34,241.3 1 1
github.com/charlienet/gadget/cache/memory_store.go:242.2,243.30 2 1
github.com/charlienet/gadget/cache/memory_store.go:243.30,245.3 1 1
github.com/charlienet/gadget/cache/memory_store.go:246.2,248.13 3 1
github.com/charlienet/gadget/cache/memory_store.go:251.31,255.2 3 1
github.com/charlienet/gadget/cache/memory_store.go:257.35,257.51 1 1
github.com/charlienet/gadget/cache/memory_store.go:259.33,259.52 1 1
github.com/charlienet/gadget/cache/memory_store.go:261.29,263.2 1 1
github.com/charlienet/gadget/cache/memory_store.go:265.33,268.6 3 1
github.com/charlienet/gadget/cache/memory_store.go:268.6,269.10 1 1
github.com/charlienet/gadget/cache/memory_store.go:270.19,271.20 1 1
github.com/charlienet/gadget/cache/memory_store.go:272.22,273.10 1 1
github.com/charlienet/gadget/cache/memory_store.go:278.36,282.28 4 1
github.com/charlienet/gadget/cache/memory_store.go:282.28,283.45 1 1
github.com/charlienet/gadget/cache/memory_store.go:283.45,287.4 3 1
github.com/charlienet/gadget/cache/memory_store.go:297.31,298.23 1 1
github.com/charlienet/gadget/cache/memory_store.go:298.23,300.3 1 0
github.com/charlienet/gadget/cache/memory_store.go:302.2,302.45 1 1
github.com/charlienet/gadget/cache/metrics.go:18.47,18.48 0 1
github.com/charlienet/gadget/cache/metrics.go:19.47,19.48 0 1
github.com/charlienet/gadget/cache/options.go:30.25,34.2 3 1
github.com/charlienet/gadget/cache/options.go:36.36,37.14 1 1
github.com/charlienet/gadget/cache/options.go:37.14,39.3 1 1
github.com/charlienet/gadget/cache/options.go:41.2,41.55 1 1
github.com/charlienet/gadget/cache/options.go:41.55,43.3 1 0
github.com/charlienet/gadget/cache/options.go:46.38,47.19 1 1
github.com/charlienet/gadget/cache/options.go:47.19,49.3 1 1
github.com/charlienet/gadget/cache/options.go:49.8,51.3 1 1
github.com/charlienet/gadget/cache/options.go:54.44,56.2 1 0
github.com/charlienet/gadget/cache/options.go:61.35,62.26 1 1
github.com/charlienet/gadget/cache/options.go:62.26,64.3 1 1
github.com/charlienet/gadget/cache/options.go:67.28,68.26 1 1
github.com/charlienet/gadget/cache/options.go:68.26,70.3 1 1
github.com/charlienet/gadget/cache/options.go:73.32,74.26 1 0
github.com/charlienet/gadget/cache/options.go:74.26,76.3 1 0
github.com/charlienet/gadget/cache/options.go:79.40,80.26 1 1
github.com/charlienet/gadget/cache/options.go:80.26,82.3 1 1
github.com/charlienet/gadget/cache/options.go:85.42,86.26 1 0
github.com/charlienet/gadget/cache/options.go:86.26,88.3 1 0
github.com/charlienet/gadget/cache/options.go:91.30,92.26 1 1
github.com/charlienet/gadget/cache/options.go:92.26,94.3 1 1
github.com/charlienet/gadget/cache/options.go:97.41,98.26 1 0
github.com/charlienet/gadget/cache/options.go:98.26,100.3 1 0
github.com/charlienet/gadget/cache/options.go:103.50,104.26 1 1
github.com/charlienet/gadget/cache/options.go:104.26,106.3 1 1
github.com/charlienet/gadget/cache/options.go:109.36,110.26 1 1
github.com/charlienet/gadget/cache/options.go:110.26,112.3 1 1
github.com/charlienet/gadget/cache/options.go:115.33,116.26 1 1
github.com/charlienet/gadget/cache/options.go:116.26,118.3 1 1
github.com/charlienet/gadget/cache/options.go:121.35,122.26 1 1
github.com/charlienet/gadget/cache/options.go:122.26,124.3 1 1
github.com/charlienet/gadget/cache/options.go:127.41,128.26 1 1
github.com/charlienet/gadget/cache/options.go:128.26,130.3 1 1
github.com/charlienet/gadget/cache/options.go:133.58,134.26 1 1
github.com/charlienet/gadget/cache/options.go:134.26,136.3 1 1
github.com/charlienet/gadget/cache/options.go:141.44,142.26 1 0
github.com/charlienet/gadget/cache/options.go:142.26,144.3 1 0
github.com/charlienet/gadget/cache/options.go:150.48,151.26 1 0
github.com/charlienet/gadget/cache/options.go:151.26,153.3 1 0
github.com/charlienet/gadget/cache/options.go:160.36,161.26 1 0
github.com/charlienet/gadget/cache/options.go:161.26,163.3 1 0
github.com/charlienet/gadget/cache/options.go:176.54,177.26 1 1
github.com/charlienet/gadget/cache/options.go:177.26,179.3 1 1
github.com/charlienet/gadget/cache/serializer.go:16.54,17.27 1 1
github.com/charlienet/gadget/cache/serializer.go:18.11,19.18 1 1
github.com/charlienet/gadget/cache/serializer.go:20.14,21.20 1 1
github.com/charlienet/gadget/cache/serializer.go:22.14,23.28 1 1
github.com/charlienet/gadget/cache/serializer.go:26.2,26.24 1 1
github.com/charlienet/gadget/cache/serializer.go:29.56,30.17 1 1
github.com/charlienet/gadget/cache/serializer.go:30.17,32.3 1 1
github.com/charlienet/gadget/cache/serializer.go:34.2,34.27 1 1
github.com/charlienet/gadget/cache/serializer.go:35.11,36.13 1 0
github.com/charlienet/gadget/cache/serializer.go:37.15,39.13 2 1
github.com/charlienet/gadget/cache/serializer.go:40.15,42.13 2 1
github.com/charlienet/gadget/cache/serializer.go:45.2,45.30 1 1
github.com/charlienet/gadget/cache/stats.go:13.36,15.2 1 1
github.com/charlienet/gadget/cache/stats.go:25.23,27.2 1 1
github.com/charlienet/gadget/cache/stats.go:29.38,33.33 3 1
github.com/charlienet/gadget/cache/stats.go:33.33,35.3 1 1
github.com/charlienet/gadget/cache/stats.go:35.8,38.3 1 1
github.com/charlienet/gadget/cache/stats.go:41.39,45.33 3 1
github.com/charlienet/gadget/cache/stats.go:45.33,47.3 1 1
github.com/charlienet/gadget/cache/stats.go:47.8,49.3 1 1
github.com/charlienet/gadget/cache/stats.go:52.30,54.2 1 1
github.com/charlienet/gadget/cache/stats.go:56.29,58.2 1 1
github.com/charlienet/gadget/cache/stats.go:60.42,62.2 1 1
github.com/charlienet/gadget/cache/stats.go:64.36,69.29 4 1
github.com/charlienet/gadget/cache/stats.go:69.29,71.3 1 1
github.com/charlienet/gadget/cache/stats.go:73.2,73.14 1 1
github.com/charlienet/gadget/cache/stats.go:76.36,81.29 4 1
github.com/charlienet/gadget/cache/stats.go:81.29,83.3 1 1
github.com/charlienet/gadget/cache/stats.go:85.2,85.14 1 1
github.com/charlienet/gadget/cache/stats.go:88.32,93.29 4 1
github.com/charlienet/gadget/cache/stats.go:93.29,95.3 1 1
github.com/charlienet/gadget/cache/stats.go:97.2,97.14 1 1
github.com/charlienet/gadget/cache/stats.go:100.25,104.29 3 0
github.com/charlienet/gadget/cache/stats.go:104.29,107.3 2 0
github.com/charlienet/gadget/cache/stats.go:109.2,110.36 2 0
